---
source: src/linting_errors/json/tests/mod.rs
expression: json_print
---
[{"commit_message":"feat()!: yargs-parser now throws on invalid combinations of config\n\n","linting_errors":["NonConventionalCommitsSpecification","EmptyScope"]}]
