---
source: src/linting_errors/json/tests/mod.rs
expression: json_print
---
[{"commit_hash":"0000000000000000000000000000000000000000","commit_message":"feat()!: yargs-parser now throws on invalid combinations of config\n\n","linting_errors":["NonConventionalCommitsSpecification","EmptyScope"]},{"commit_hash":"1000000000000000000000000000000000000000","commit_message":"doc(webpack):webpack example (#1436)","linting_errors":["NonConventionalCommitsSpecification","NoSpaceAfterColonPrecedingTypeAndScope"]}]
