---
source: src/reporter/pretty/tests/mod.rs
expression: reporting

---
[1;31mMessage[0m - "Release 1.0.126"
	[1;31mX[0m - Commit title does not comply with the Conventional Commits V1.0.0 specification.


