---
source: conventional_commits_linter_lib/src/commits/commit/tests/mod.rs
expression: linting_errors
---
[
    NonConventionalCommitsSpecification,
    EmptyScope,
]
