---
source: conventional_commits_linter_lib/src/linting_errors/json/tests/mod.rs
assertion_line: 29
expression: json_print

---
[{"commit_message":"Merge branch 'fix-ocsp-signer-check' into 'master'","linting_errors":["NonConventionalCommitsSpecification"]}]
