---
source: conventional_commits_linter_lib/src/linting_errors/json/tests/mod.rs
assertion_line: 29
expression: json_print

---
[{"commit_message":"Release 1.0.126","linting_errors":["NonConventionalCommitsSpecification"]}]
