---
source: src/reporter/tests/mod.rs
expression: reporting

---
[{"commit_message":"Release 1.0.126","linting_errors":["NonConventionalCommitsSpecification"]}]
