---
source: src/reporter/json/tests/mod.rs
expression: reporting

---
[{"commit_hash":"0000000000000000000000000000000000000000","commit_message":"refactor(ts support)!: ship yargs.d.ts (#1671)","linting_errors":["NonConventionalCommitsSpecification"]}]
