---
source: src/reporter/json/tests/mod.rs
expression: reporting

---
[{"commit_message":"feat()!: yargs-parser now throws on invalid combinations of config\n\n","linting_errors":["NonConventionalCommitsSpecification","EmptyScope"]}]
